// Jest Snapshot v1, https://goo.gl/fbAQLP

exports[`AppLayout component matches snapshot 1`] = `
<DocumentFragment>
  <section
    class="ant-layout ant-layout-has-sider"
    data-testid="app-layout"
  >
    <aside
      class="ant-layout-sider ant-layout-sider-dark"
      style="flex: 0 0 200px; max-width: 200px; min-width: 200px; width: 200px;"
    >
      <div
        class="ant-layout-sider-children"
      >
        <div
          class="ant-row styles__Centered-t9ggvx-4 iLwpPw"
        >
          <img
            class="styles__Logo-t9ggvx-0 fiTTSr"
            src="https://raw.githubusercontent.com/jsi1v4/jsi1v4/master/assets/logo192.png"
          />
        </div>
      </div>
    </aside>
    <section
      class="ant-layout styles__FullPage-t9ggvx-1 gLlzLV"
    >
      <div
        class="ant-page-header styles__Header-t9ggvx-2 cCuuAs ant-page-header-ghost"
      >
        <div
          class="ant-page-header-heading"
        >
          <div
            class="ant-page-header-heading-left"
          >
            <span
              class="ant-page-header-heading-title"
            >
              Finances Management
            </span>
          </div>
        </div>
      </div>
      <section
        class="ant-layout styles__Content-t9ggvx-3 jkkToD"
      />
    </section>
  </section>
</DocumentFragment>
`;
